// Jest Snapshot v1, https://goo.gl/fbAQLP

exports[`EnrolledLearnersForInactiveCoursesTable renders empty state correctly 1`] = `
<div
  className="fade alert-content alert alert-warning show"
  role="alert"
>
  <span
    className="pgn__icon alert-icon"
  >
    <svg
      aria-hidden={true}
      fill="none"
      focusable={false}
      height={24}
      role="img"
      viewBox="0 0 24 24"
      width={24}
      xmlns="http://www.w3.org/2000/svg"
    >
      <path
        d="M12 2L1 21h22L12 2z"
        fill="#F0CC00"
      />
      <path
        d="M13 16h-2v2h2v-2zM13 10h-2v4h2v-4z"
        fill="#111"
      />
    </svg>
  </span>
  <div
    className="pgn__alert-message-wrapper"
  >
    <div
      className="alert-message-content"
    >
      There are no results.
    </div>
  </div>
</div>
`;

exports[`EnrolledLearnersForInactiveCoursesTable renders enrolled learners for inactive courses table correctly 1`] = `
<div
  className="enrolled-learners-inactive-courses"
>
  <div
    className="row"
  >
    <div
      className="col"
    >
      <div
        className="table-responsive"
      >
        <div
          className="pgn__data-table-layout-wrapper"
        >
          <div
            className="pgn__data-table-layout-main"
          >
            <div
              className="pgn__data-table-wrapper"
            >
              <div
                className="pgn__data-table-status-bar"
              >
                <div
                  className="pgn__data-table-status"
                >
                  <div
                    className="pgn__data-table-status-left"
                  >
                    <div
                      className="pgn__smart-status"
                    >
                      Showing 3 of 3.
                    </div>
                  </div>
                  <div
                    className="pgn__data-table-actions-right"
                  >
                    <div
                      className="pgn__data-table-toggle"
                    />
                    <div />
                  </div>
                </div>
              </div>
              <div
                className="pgn__data-table-container"
              >
                <table
                  className="pgn__data-table is-striped"
                  role="table"
                >
                  <thead>
                    <tr
                      role="row"
                    >
                      <th
                        colSpan={1}
                        onClick={[Function]}
                        role="columnheader"
                        style={
                          Object {
                            "cursor": "pointer",
                          }
                        }
                        title="Toggle SortBy"
                      >
                        <span
                          className="d-flex align-items-center"
                        >
                          <span>
                            Email
                          </span>
                          <span
                            className="pgn__icon"
                            style={
                              Object {
                                "opacity": 0.5,
                              }
                            }
                          >
                            <svg
                              aria-hidden={true}
                              fill="none"
                              focusable={false}
                              height={24}
                              role="img"
                              viewBox="0 0 24 24"
                              width={24}
                              xmlns="http://www.w3.org/2000/svg"
                            >
                              <path
                                d="M7 10l5-5 5 5H7zM7 14l5 5 5-5H7z"
                                fill="currentColor"
                              />
                            </svg>
                          </span>
                        </span>
                      </th>
                      <th
                        colSpan={1}
                        onClick={[Function]}
                        role="columnheader"
                        style={
                          Object {
                            "cursor": "pointer",
                          }
                        }
                        title="Toggle SortBy"
                      >
                        <span
                          className="d-flex align-items-center"
                        >
                          <span>
                            Total Course Enrollment Count
                          </span>
                          <span
                            className="pgn__icon"
                            style={
                              Object {
                                "opacity": 0.5,
                              }
                            }
                          >
                            <svg
                              aria-hidden={true}
                              fill="none"
                              focusable={false}
                              height={24}
                              role="img"
                              viewBox="0 0 24 24"
                              width={24}
                              xmlns="http://www.w3.org/2000/svg"
                            >
                              <path
                                d="M7 10l5-5 5 5H7zM7 14l5 5 5-5H7z"
                                fill="currentColor"
                              />
                            </svg>
                          </span>
                        </span>
                      </th>
                      <th
                        colSpan={1}
                        onClick={[Function]}
                        role="columnheader"
                        style={
                          Object {
                            "cursor": "pointer",
                          }
                        }
                        title="Toggle SortBy"
                      >
                        <span
                          className="d-flex align-items-center"
                        >
                          <span>
                            Total Completed Courses Count
                          </span>
                          <span
                            className="pgn__icon"
                            style={
                              Object {
                                "opacity": 0.5,
                              }
                            }
                          >
                            <svg
                              aria-hidden={true}
                              fill="none"
                              focusable={false}
                              height={24}
                              role="img"
                              viewBox="0 0 24 24"
                              width={24}
                              xmlns="http://www.w3.org/2000/svg"
                            >
                              <path
                                d="M7 10l5-5 5 5H7zM7 14l5 5 5-5H7z"
                                fill="currentColor"
                              />
                            </svg>
                          </span>
                        </span>
                      </th>
                      <th
                        colSpan={1}
                        onClick={[Function]}
                        role="columnheader"
                        style={
                          Object {
                            "cursor": "pointer",
                          }
                        }
                        title="Toggle SortBy"
                      >
                        <span
                          className="d-flex align-items-center"
                        >
                          <span>
                            Last Activity Date
                          </span>
                          <span
                            className="pgn__icon"
                            style={
                              Object {
                                "opacity": 0.5,
                              }
                            }
                          >
                            <svg
                              aria-hidden={true}
                              fill="none"
                              focusable={false}
                              height={24}
                              role="img"
                              viewBox="0 0 24 24"
                              width={24}
                              xmlns="http://www.w3.org/2000/svg"
                            >
                              <path
                                d="M7 10l5-5 5 5H7zM7 14l5 5 5-5H7z"
                                fill="currentColor"
                              />
                            </svg>
                          </span>
                        </span>
                      </th>
                    </tr>
                  </thead>
                  <tbody
                    role="rowgroup"
                  >
                    <tr
                      className="pgn__data-table-row"
                      role="row"
                    >
                      <td
                        className="pgn__data-table-cell-wrap"
                        role="cell"
                      >
                        <span
                          data-hj-suppress={true}
                        >
                          test_user_1@example.com
                        </span>
                      </td>
                      <td
                        className="pgn__data-table-cell-wrap"
                        role="cell"
                      >
                        2
                      </td>
                      <td
                        className="pgn__data-table-cell-wrap"
                        role="cell"
                      >
                        1
                      </td>
                      <td
                        className="pgn__data-table-cell-wrap"
                        role="cell"
                      >
                        June 23, 2017
                      </td>
                    </tr>
                    <tr
                      className="pgn__data-table-row"
                      role="row"
                    >
                      <td
                        className="pgn__data-table-cell-wrap"
                        role="cell"
                      >
                        <span
                          data-hj-suppress={true}
                        >
                          test_user_2@example.com
                        </span>
                      </td>
                      <td
                        className="pgn__data-table-cell-wrap"
                        role="cell"
                      >
                        5
                      </td>
                      <td
                        className="pgn__data-table-cell-wrap"
                        role="cell"
                      >
                        5
                      </td>
                      <td
                        className="pgn__data-table-cell-wrap"
                        role="cell"
                      >
                        January 15, 2018
                      </td>
                    </tr>
                    <tr
                      className="pgn__data-table-row"
                      role="row"
                    >
                      <td
                        className="pgn__data-table-cell-wrap"
                        role="cell"
                      >
                        <span
                          data-hj-suppress={true}
                        >
                          test_user_3@example.com
                        </span>
                      </td>
                      <td
                        className="pgn__data-table-cell-wrap"
                        role="cell"
                      >
                        6
                      </td>
                      <td
                        className="pgn__data-table-cell-wrap"
                        role="cell"
                      >
                        4
                      </td>
                      <td
                        className="pgn__data-table-cell-wrap"
                        role="cell"
                      >
                        November 18, 2017
                      </td>
                    </tr>
                  </tbody>
                </table>
              </div>
              <div
                className="pgn__data-table-footer"
              >
                <div
                  className="col d-flex justify-content-center"
                >
                  <nav
                    aria-label="enrolled-learners-inactive-courses-pagination"
                    className="pagination-default"
                  >
                    <div
                      aria-atomic={true}
                      aria-live="polite"
                      aria-relevant="text"
                      className="sr-only"
                    >
                      Page 1, Current Page, of 1
                    </div>
                    <ul
                      className="pagination"
                    >
                      <li
                        className="page-item disabled"
                      >
                        <button
                          aria-label="Previous"
                          className="previous page-link btn btn-primary"
                          disabled={true}
                          onClick={[Function]}
                          tabIndex="-1"
                          type="button"
                        >
                          <div>
                            <span
                              className="pgn__icon"
                            >
                              <svg
                                aria-hidden={true}
                                fill="none"
                                focusable={false}
                                height={24}
                                role="img"
                                viewBox="0 0 24 24"
                                width={24}
                                xmlns="http://www.w3.org/2000/svg"
                              >
                                <path
                                  d="M15.41 7.41L14 6l-6 6 6 6 1.41-1.41L10.83 12l4.58-4.59z"
                                  fill="currentColor"
                                />
                              </svg>
                            </span>
                            Previous
                          </div>
                        </button>
                      </li>
                      <li
                        className="page-item disabled"
                      >
                        <button
                          aria-label="Next"
                          className="next page-link btn btn-primary"
                          disabled={true}
                          onClick={[Function]}
                          tabIndex="-1"
                          type="button"
                        >
                          <div>
                            Next
                            <span
                              className="pgn__icon"
                            >
                              <svg
                                aria-hidden={true}
                                fill="none"
                                focusable={false}
                                height={24}
                                role="img"
                                viewBox="0 0 24 24"
                                width={24}
                                xmlns="http://www.w3.org/2000/svg"
                              >
                                <path
                                  d="M10 6L8.59 7.41 13.17 12l-4.58 4.59L10 18l6-6-6-6z"
                                  fill="currentColor"
                                />
                              </svg>
                            </span>
                          </div>
                        </button>
                      </li>
                    </ul>
                  </nav>
                </div>
              </div>
            </div>
          </div>
        </div>
      </div>
    </div>
  </div>
</div>
`;
